******************************************************************************
                  MSP430 Linker PC v4.4.7                      
******************************************************************************
>> Linked Tue Aug 23 21:36:51 2016

OUTPUT FILE NAME:   <RELAY vs WATER PUMP.out>
ENTRY POINT SYMBOL: "_c_int00_noargs_noexit"  address: 0000cc36


MEMORY CONFIGURATION

         name            origin    length      used     unused   attr    fill
----------------------  --------  ---------  --------  --------  ----  --------
  SFR                   00000000   00000010  00000000  00000010  RWIX
  PERIPHERALS_8BIT      00000010   000000f0  00000000  000000f0  RWIX
  PERIPHERALS_16BIT     00000100   00000100  00000000  00000100  RWIX
  RAM                   00000200   00000200  00000086  0000017a  RWIX
  INFOD                 00001000   00000040  00000000  00000040  RWIX
  INFOC                 00001040   00000040  00000000  00000040  RWIX
  INFOB                 00001080   00000040  00000000  00000040  RWIX
  INFOA                 000010c0   00000040  00000000  00000040  RWIX
  FLASH                 0000c000   00003fe0  0000135a  00002c86  RWIX
  INT00                 0000ffe0   00000002  00000002  00000000  RWIX
  INT01                 0000ffe2   00000002  00000000  00000002  RWIX
  INT02                 0000ffe4   00000002  00000002  00000000  RWIX
  INT03                 0000ffe6   00000002  00000002  00000000  RWIX
  INT04                 0000ffe8   00000002  00000000  00000002  RWIX
  INT05                 0000ffea   00000002  00000002  00000000  RWIX
  INT06                 0000ffec   00000002  00000002  00000000  RWIX
  INT07                 0000ffee   00000002  00000002  00000000  RWIX
  INT08                 0000fff0   00000002  00000002  00000000  RWIX
  INT09                 0000fff2   00000002  00000002  00000000  RWIX
  INT10                 0000fff4   00000002  00000002  00000000  RWIX
  INT11                 0000fff6   00000002  00000002  00000000  RWIX
  INT12                 0000fff8   00000002  00000002  00000000  RWIX
  INT13                 0000fffa   00000002  00000002  00000000  RWIX
  INT14                 0000fffc   00000002  00000002  00000000  RWIX
  RESET                 0000fffe   00000002  00000002  00000000  RWIX


SECTION ALLOCATION MAP

 output                                  attributes/
section   page    origin      length       input sections
--------  ----  ----------  ----------   ----------------
.data      0    00000200    00000020     UNINITIALIZED
                  00000200    00000020     CLOCK_1_2_3.obj (.data)

.bss       0    00000220    00000016     UNINITIALIZED
                  00000220    0000000a     (.common:strBuff)
                  0000022a    00000004     (.common:arrCommunication)
                  0000022e    00000002     (.common:regFirmDuty)
                  00000230    00000002     (.common:regFirmPeriod)
                  00000232    00000002     (.common:varCountTime)
                  00000234    00000001     (.common:varCountData)
                  00000235    00000001     (.common:varRx)

.TI.persistent 
*          0    00000200    00000000     UNINITIALIZED

.stack     0    000003b0    00000050     UNINITIALIZED
                  000003b0    00000002     rts430_eabi.lib : boot.obj (.stack)
                  000003b2    0000004e     --HOLE--

.text      0    0000c000    00000d82     
                  0000c000    000002be     USCI_UART_1_2_3.obj (.text:uartSetup)
                  0000c2be    00000116     rts430_eabi.lib : _printfi_min.obj (.text:_setfield)
                  0000c3d4    000000ce     FLASH_1_0_1.obj (.text:flashWriteBlock)
                  0000c4a2    000000ca     rts430_eabi.lib : _printfi_min.obj (.text:__TI_printfi_minimal)
                  0000c56c    00000090     UCSI_I2C_2_0_1.obj (.text:i2cSetup)
                  0000c5fc    00000086     main.obj (.text:main)
                  0000c682    00000082     COMMUNICATION.obj (.text:communicationTestRXData)
                  0000c704    0000007e     main.obj (.text:USCIAB0TX_ISR)
                  0000c782    00000066     main.obj (.text:TIMER0_A1_ISR)
                  0000c7e8    00000064     rts430_eabi.lib : copy_decompress_rle.obj (.text:__TI_decompress_rle_core)
                  0000c84c    00000062     CLOCK_1_2_3.obj (.text:clkSetup)
                  0000c8ae    00000058     rts430_eabi.lib : autoinit.obj (.text:_auto_init)
                  0000c906    00000056                     : _printfi_min.obj (.text:_ltostr)
                  0000c95c    00000056     COMMUNICATION.obj (.text:communicationConvertDCB)
                  0000c9b2    00000054     TIMERA_1_2_3.obj (.text:timerASetup)
                  0000ca06    0000004e     rts430_eabi.lib : _printfi_min.obj (.text:_pproc_diouxp)
                  0000ca54    0000004c     FLASH_1_0_1.obj (.text:flashReadBlock)
                  0000caa0    0000004c     rts430_eabi.lib : lsr16.obj (.text)
                  0000caec    00000048                     : _printfi_min.obj (.text:_pproc_str)
                  0000cb34    00000038                     : sprintf.obj (.text:sprintf)
                  0000cb6c    00000034     FLASH_1_0_1.obj (.text:flashSetup)
                  0000cba0    0000002e     rts430_eabi.lib : _printfi_min.obj (.text:_getarg_diouxp)
                  0000cbce    0000002a     GPIO_1_0_1.obj (.text:gpioSetup)
                  0000cbf8    00000022     COMMUNICATION.obj (.text:communicationDecode)
                  0000cc1a    0000001c     USCI_UART_1_2_3.obj (.text:txdStr)
                  0000cc36    0000001a     rts430_eabi.lib : boot_special.obj (.text:_c_int00_noargs_noexit)
                  0000cc50    0000001a                     : sprintf.obj (.text:_outs)
                  0000cc6a    0000001a                     : memccpy.obj (.text:memccpy)
                  0000cc84    00000018                     : _printfi_min.obj (.text:_div)
                  0000cc9c    00000016                     : div16u.obj (.text)
                  0000ccb2    00000014                     : copy_zero_init.obj (.text:decompress:ZI:__TI_zero_init)
                  0000ccc6    00000014                     : memset.obj (.text:memset)
                  0000ccda    00000014                     : mult16.obj (.text)
                  0000ccee    00000012                     : sprintf.obj (.text:_outc)
                  0000cd00    00000012     CONTROL.obj (.text:controlRelayOff)
                  0000cd12    00000012     rts430_eabi.lib : copy_decompress_none.obj (.text:decompress:none:__TI_decompress_none)
                  0000cd24    00000012                     : memcpy.obj (.text:memcpy)
                  0000cd36    00000010                     : epilog.obj (.text)
                  0000cd46    0000000e     CONTROL.obj (.text:controlRelayOn)
                  0000cd54    0000000e     rts430_eabi.lib : strlen.obj (.text:strlen)
                  0000cd62    0000000c     USCI_UART_1_2_3.obj (.text:txdChar)
                  0000cd6e    00000006     rts430_eabi.lib : isr_trap.obj (.text:_isr:__TI_ISR_TRAP)
                  0000cd74    00000006                     : copy_decompress_rle.obj (.text:decompress:rle24:__TI_decompress_rle24)
                  0000cd7a    00000004                     : pre_init.obj (.text:_system_pre_init)
                  0000cd7e    00000004                     : exit.obj (.text:abort)

.const     0    0000cd82    000005a2     
                  0000cd82    00000578     main.obj (.const)
                  0000d2fa    00000016     COMMUNICATION.obj (.const:.string)
                  0000d310    00000014     rts430_eabi.lib : _printfi_min.obj (.const:.string)

.cinit     0    0000d324    00000036     
                  0000d324    00000024     (.cinit..data.load) [load image]
                  0000d348    00000006     (__TI_handler_table)
                  0000d34e    00000004     (.cinit..bss.load) [load image, compression = zero_init]
                  0000d352    00000008     (__TI_cinit_table)

.init_array 
*          0    0000c000    00000000     UNINITIALIZED

TRAPINT    0    0000ffe0    00000002     
                  0000ffe0    00000002     rts430_eabi.lib : int00.obj (.int00)

PORT1      0    0000ffe4    00000002     
                  0000ffe4    00000002     rts430_eabi.lib : int02.obj (.int02)

PORT2      0    0000ffe6    00000002     
                  0000ffe6    00000002     rts430_eabi.lib : int03.obj (.int03)

ADC10      0    0000ffea    00000002     
                  0000ffea    00000002     rts430_eabi.lib : int05.obj (.int05)

USCIAB0TX 
*          0    0000ffec    00000002     
                  0000ffec    00000002     main.obj (.int06)

USCIAB0RX 
*          0    0000ffee    00000002     
                  0000ffee    00000002     rts430_eabi.lib : int07.obj (.int07)

TIMER0_A1 
*          0    0000fff0    00000002     
                  0000fff0    00000002     main.obj (.int08)

TIMER0_A0 
*          0    0000fff2    00000002     
                  0000fff2    00000002     rts430_eabi.lib : int09.obj (.int09)

WDT        0    0000fff4    00000002     
                  0000fff4    00000002     rts430_eabi.lib : int10.obj (.int10)

COMPARATORA 
*          0    0000fff6    00000002     
                  0000fff6    00000002     rts430_eabi.lib : int11.obj (.int11)

TIMER1_A1 
*          0    0000fff8    00000002     
                  0000fff8    00000002     rts430_eabi.lib : int12.obj (.int12)

TIMER1_A0 
*          0    0000fffa    00000002     
                  0000fffa    00000002     rts430_eabi.lib : int13.obj (.int13)

NMI        0    0000fffc    00000002     
                  0000fffc    00000002     rts430_eabi.lib : int14.obj (.int14)

.reset     0    0000fffe    00000002     
                  0000fffe    00000002     rts430_eabi.lib : boot.obj (.reset)


LINKER GENERATED COPY TABLES

__TI_cinit_table @ 0000d352 records: 2, size/record: 4, table size: 8
	.data: load addr=0000d324, load size=00000024 bytes, run addr=00000200, run size=00000020 bytes, compression=copy
	.bss: load addr=0000d34e, load size=00000004 bytes, run addr=00000220, run size=00000016 bytes, compression=zero_init


LINKER GENERATED HANDLER TABLE

__TI_handler_table @ 0000d348 records: 3, size/record: 2, table size: 6
	index: 0, handler: __TI_zero_init
	index: 1, handler: __TI_decompress_rle24
	index: 2, handler: __TI_decompress_none


GLOBAL SYMBOLS: SORTED ALPHABETICALLY BY Name 

address   name                    
-------   ----                    
0000004a  ADC10AE0                
000001b0  ADC10CTL0               
000001b2  ADC10CTL1               
00000048  ADC10DTC0               
00000049  ADC10DTC1               
000001b4  ADC10MEM                
000001bc  ADC10SA                 
00000057  BCSCTL1                 
00000058  BCSCTL2                 
00000053  BCSCTL3                 
0000cd7e  C$$EXIT                 
00000059  CACTL1                  
0000005a  CACTL2                  
000010fb  CALBC1_12MHZ            
000010f9  CALBC1_16MHZ            
000010ff  CALBC1_1MHZ             
000010fd  CALBC1_8MHZ             
000010fa  CALDCO_12MHZ            
000010f8  CALDCO_16MHZ            
000010fe  CALDCO_1MHZ             
000010fc  CALDCO_8MHZ             
0000005b  CAPD                    
00000056  DCOCTL                  
00000128  FCTL1                   
0000012a  FCTL2                   
0000012c  FCTL3                   
00000000  IE1                     
00000001  IE2                     
00000002  IFG1                    
00000003  IFG2                    
00000022  P1DIR                   
00000025  P1IE                    
00000024  P1IES                   
00000023  P1IFG                   
00000020  P1IN                    
00000021  P1OUT                   
00000027  P1REN                   
00000026  P1SEL                   
00000041  P1SEL2                  
0000002a  P2DIR                   
0000002d  P2IE                    
0000002c  P2IES                   
0000002b  P2IFG                   
00000028  P2IN                    
00000029  P2OUT                   
0000002f  P2REN                   
0000002e  P2SEL                   
00000042  P2SEL2                  
0000001a  P3DIR                   
00000018  P3IN                    
00000019  P3OUT                   
00000010  P3REN                   
0000001b  P3SEL                   
00000043  P3SEL2                  
00000172  TA0CCR0                 
00000174  TA0CCR1                 
00000176  TA0CCR2                 
00000162  TA0CCTL0                
00000164  TA0CCTL1                
00000166  TA0CCTL2                
00000160  TA0CTL                  
0000012e  TA0IV                   
00000170  TA0R                    
00000192  TA1CCR0                 
00000194  TA1CCR1                 
00000196  TA1CCR2                 
00000182  TA1CCTL0                
00000184  TA1CCTL1                
00000186  TA1CCTL2                
00000180  TA1CTL                  
0000011e  TA1IV                   
00000190  TA1R                    
0000c782  TIMER0_A1_ISR           
000010db  TLV_ADC10_1_LEN         
000010da  TLV_ADC10_1_TAG         
000010c0  TLV_CHECKSUM            
000010f7  TLV_DCO_30_LEN          
000010f6  TLV_DCO_30_TAG          
0000005d  UCA0ABCTL               
00000062  UCA0BR0                 
00000063  UCA0BR1                 
00000060  UCA0CTL0                
00000061  UCA0CTL1                
0000005f  UCA0IRRCTL              
0000005e  UCA0IRTCTL              
00000064  UCA0MCTL                
00000066  UCA0RXBUF               
00000065  UCA0STAT                
00000067  UCA0TXBUF               
0000006a  UCB0BR0                 
0000006b  UCB0BR1                 
00000068  UCB0CTL0                
00000069  UCB0CTL1                
0000006c  UCB0I2CIE               
00000118  UCB0I2COA               
0000011a  UCB0I2CSA               
0000006e  UCB0RXBUF               
0000006d  UCB0STAT                
0000006f  UCB0TXBUF               
0000c704  USCIAB0TX_ISR           
00000120  WDTCTL                  
00000400  __STACK_END             
00000050  __STACK_SIZE            
0000d352  __TI_CINIT_Base         
0000d35a  __TI_CINIT_Limit        
0000d348  __TI_Handler_Table_Base 
0000d34e  __TI_Handler_Table_Limit
UNDEFED   __TI_INITARRAY_Base     
UNDEFED   __TI_INITARRAY_Limit    
0000cd6e  __TI_ISR_TRAP           
0000cd12  __TI_decompress_none    
0000cd74  __TI_decompress_rle24   
0000ffe0  __TI_int00              
0000ffe4  __TI_int02              
0000ffe6  __TI_int03              
0000ffea  __TI_int05              
0000ffec  __TI_int06              
0000ffee  __TI_int07              
0000fff0  __TI_int08              
0000fff2  __TI_int09              
0000fff4  __TI_int10              
0000fff6  __TI_int11              
0000fff8  __TI_int12              
0000fffa  __TI_int13              
0000fffc  __TI_int14              
0000c4a2  __TI_printfi_minimal    
0000ccb2  __TI_zero_init          
ffffffff  __binit__               
ffffffff  __c_args__              
0000cc9c  __mspabi_divu           
0000cd42  __mspabi_func_epilog_1  
0000cd40  __mspabi_func_epilog_2  
0000cd3e  __mspabi_func_epilog_3  
0000cd3c  __mspabi_func_epilog_4  
0000cd3a  __mspabi_func_epilog_5  
0000cd38  __mspabi_func_epilog_6  
0000cd36  __mspabi_func_epilog_7  
0000ccda  __mspabi_mpyi           
0000ccda  __mspabi_mpyi_sw        
0000cc9c  __mspabi_remu           
0000caa0  __mspabi_srli           
0000cae6  __mspabi_srli_1         
0000cac2  __mspabi_srli_10        
0000cabe  __mspabi_srli_11        
0000caba  __mspabi_srli_12        
0000cab6  __mspabi_srli_13        
0000cab2  __mspabi_srli_14        
0000caae  __mspabi_srli_15        
0000cae2  __mspabi_srli_2         
0000cade  __mspabi_srli_3         
0000cada  __mspabi_srli_4         
0000cad6  __mspabi_srli_5         
0000cad2  __mspabi_srli_6         
0000cace  __mspabi_srli_7         
0000caca  __mspabi_srli_8         
0000cac6  __mspabi_srli_9         
0000c8ae  _auto_init              
0000cc36  _c_int00_noargs_noexit  
0000fffe  _reset_vector           
000003b0  _stack                  
0000cd7a  _system_pre_init        
0000cd7e  abort                   
0000022a  arrCommunication        
ffffffff  binit                   
0000c84c  clkSetup                
0000c95c  communicationConvertDCB 
0000cbf8  communicationDecode     
0000c682  communicationTestRXData 
0000cd00  controlRelayOff         
0000cd46  controlRelayOn          
0000ca54  flashReadBlock          
0000cb6c  flashSetup              
0000c3d4  flashWriteBlock         
0000cbce  gpioSetup               
0000c56c  i2cSetup                
0000c5fc  main                    
0000cc6a  memccpy                 
0000cd24  memcpy                  
0000ccc6  memset                  
0000022e  regFirmDuty             
00000230  regFirmPeriod           
00000200  sClkSetup               
0000d27a  sPwmSetup               
0000d052  sTimerACapSetup         
0000d232  sTimerACmpSetup         
0000ced2  sTimerASetup            
0000cd82  sUartSetup              
0000cb34  sprintf                 
00000220  strBuff                 
0000cd54  strlen                  
0000c9b2  timerASetup             
0000cd62  txdChar                 
0000cc1a  txdStr                  
0000c000  uartSetup               
00000234  varCountData            
00000232  varCountTime            
00000235  varRx                   


GLOBAL SYMBOLS: SORTED BY Symbol Address 

address   name                    
-------   ----                    
00000000  IE1                     
00000001  IE2                     
00000002  IFG1                    
00000003  IFG2                    
00000010  P3REN                   
00000018  P3IN                    
00000019  P3OUT                   
0000001a  P3DIR                   
0000001b  P3SEL                   
00000020  P1IN                    
00000021  P1OUT                   
00000022  P1DIR                   
00000023  P1IFG                   
00000024  P1IES                   
00000025  P1IE                    
00000026  P1SEL                   
00000027  P1REN                   
00000028  P2IN                    
00000029  P2OUT                   
0000002a  P2DIR                   
0000002b  P2IFG                   
0000002c  P2IES                   
0000002d  P2IE                    
0000002e  P2SEL                   
0000002f  P2REN                   
00000041  P1SEL2                  
00000042  P2SEL2                  
00000043  P3SEL2                  
00000048  ADC10DTC0               
00000049  ADC10DTC1               
0000004a  ADC10AE0                
00000050  __STACK_SIZE            
00000053  BCSCTL3                 
00000056  DCOCTL                  
00000057  BCSCTL1                 
00000058  BCSCTL2                 
00000059  CACTL1                  
0000005a  CACTL2                  
0000005b  CAPD                    
0000005d  UCA0ABCTL               
0000005e  UCA0IRTCTL              
0000005f  UCA0IRRCTL              
00000060  UCA0CTL0                
00000061  UCA0CTL1                
00000062  UCA0BR0                 
00000063  UCA0BR1                 
00000064  UCA0MCTL                
00000065  UCA0STAT                
00000066  UCA0RXBUF               
00000067  UCA0TXBUF               
00000068  UCB0CTL0                
00000069  UCB0CTL1                
0000006a  UCB0BR0                 
0000006b  UCB0BR1                 
0000006c  UCB0I2CIE               
0000006d  UCB0STAT                
0000006e  UCB0RXBUF               
0000006f  UCB0TXBUF               
00000118  UCB0I2COA               
0000011a  UCB0I2CSA               
0000011e  TA1IV                   
00000120  WDTCTL                  
00000128  FCTL1                   
0000012a  FCTL2                   
0000012c  FCTL3                   
0000012e  TA0IV                   
00000160  TA0CTL                  
00000162  TA0CCTL0                
00000164  TA0CCTL1                
00000166  TA0CCTL2                
00000170  TA0R                    
00000172  TA0CCR0                 
00000174  TA0CCR1                 
00000176  TA0CCR2                 
00000180  TA1CTL                  
00000182  TA1CCTL0                
00000184  TA1CCTL1                
00000186  TA1CCTL2                
00000190  TA1R                    
00000192  TA1CCR0                 
00000194  TA1CCR1                 
00000196  TA1CCR2                 
000001b0  ADC10CTL0               
000001b2  ADC10CTL1               
000001b4  ADC10MEM                
000001bc  ADC10SA                 
00000200  sClkSetup               
00000220  strBuff                 
0000022a  arrCommunication        
0000022e  regFirmDuty             
00000230  regFirmPeriod           
00000232  varCountTime            
00000234  varCountData            
00000235  varRx                   
000003b0  _stack                  
00000400  __STACK_END             
000010c0  TLV_CHECKSUM            
000010da  TLV_ADC10_1_TAG         
000010db  TLV_ADC10_1_LEN         
000010f6  TLV_DCO_30_TAG          
000010f7  TLV_DCO_30_LEN          
000010f8  CALDCO_16MHZ            
000010f9  CALBC1_16MHZ            
000010fa  CALDCO_12MHZ            
000010fb  CALBC1_12MHZ            
000010fc  CALDCO_8MHZ             
000010fd  CALBC1_8MHZ             
000010fe  CALDCO_1MHZ             
000010ff  CALBC1_1MHZ             
0000c000  uartSetup               
0000c3d4  flashWriteBlock         
0000c4a2  __TI_printfi_minimal    
0000c56c  i2cSetup                
0000c5fc  main                    
0000c682  communicationTestRXData 
0000c704  USCIAB0TX_ISR           
0000c782  TIMER0_A1_ISR           
0000c84c  clkSetup                
0000c8ae  _auto_init              
0000c95c  communicationConvertDCB 
0000c9b2  timerASetup             
0000ca54  flashReadBlock          
0000caa0  __mspabi_srli           
0000caae  __mspabi_srli_15        
0000cab2  __mspabi_srli_14        
0000cab6  __mspabi_srli_13        
0000caba  __mspabi_srli_12        
0000cabe  __mspabi_srli_11        
0000cac2  __mspabi_srli_10        
0000cac6  __mspabi_srli_9         
0000caca  __mspabi_srli_8         
0000cace  __mspabi_srli_7         
0000cad2  __mspabi_srli_6         
0000cad6  __mspabi_srli_5         
0000cada  __mspabi_srli_4         
0000cade  __mspabi_srli_3         
0000cae2  __mspabi_srli_2         
0000cae6  __mspabi_srli_1         
0000cb34  sprintf                 
0000cb6c  flashSetup              
0000cbce  gpioSetup               
0000cbf8  communicationDecode     
0000cc1a  txdStr                  
0000cc36  _c_int00_noargs_noexit  
0000cc6a  memccpy                 
0000cc9c  __mspabi_divu           
0000cc9c  __mspabi_remu           
0000ccb2  __TI_zero_init          
0000ccc6  memset                  
0000ccda  __mspabi_mpyi           
0000ccda  __mspabi_mpyi_sw        
0000cd00  controlRelayOff         
0000cd12  __TI_decompress_none    
0000cd24  memcpy                  
0000cd36  __mspabi_func_epilog_7  
0000cd38  __mspabi_func_epilog_6  
0000cd3a  __mspabi_func_epilog_5  
0000cd3c  __mspabi_func_epilog_4  
0000cd3e  __mspabi_func_epilog_3  
0000cd40  __mspabi_func_epilog_2  
0000cd42  __mspabi_func_epilog_1  
0000cd46  controlRelayOn          
0000cd54  strlen                  
0000cd62  txdChar                 
0000cd6e  __TI_ISR_TRAP           
0000cd74  __TI_decompress_rle24   
0000cd7a  _system_pre_init        
0000cd7e  C$$EXIT                 
0000cd7e  abort                   
0000cd82  sUartSetup              
0000ced2  sTimerASetup            
0000d052  sTimerACapSetup         
0000d232  sTimerACmpSetup         
0000d27a  sPwmSetup               
0000d348  __TI_Handler_Table_Base 
0000d34e  __TI_Handler_Table_Limit
0000d352  __TI_CINIT_Base         
0000d35a  __TI_CINIT_Limit        
0000ffe0  __TI_int00              
0000ffe4  __TI_int02              
0000ffe6  __TI_int03              
0000ffea  __TI_int05              
0000ffec  __TI_int06              
0000ffee  __TI_int07              
0000fff0  __TI_int08              
0000fff2  __TI_int09              
0000fff4  __TI_int10              
0000fff6  __TI_int11              
0000fff8  __TI_int12              
0000fffa  __TI_int13              
0000fffc  __TI_int14              
0000fffe  _reset_vector           
ffffffff  __binit__               
ffffffff  __c_args__              
ffffffff  binit                   
UNDEFED   __TI_INITARRAY_Base     
UNDEFED   __TI_INITARRAY_Limit    

[197 symbols]
