******************************************************************************
                  MSP430 Linker PC v4.4.7                      
******************************************************************************
>> Linked Wed Aug 24 23:45:11 2016

OUTPUT FILE NAME:   <KEYPAD vs LCD.out>
ENTRY POINT SYMBOL: "_c_int00_noargs_noexit"  address: 0000d2f0


MEMORY CONFIGURATION

         name            origin    length      used     unused   attr    fill
----------------------  --------  ---------  --------  --------  ----  --------
  SFR                   00000000   00000010  00000000  00000010  RWIX
  PERIPHERALS_8BIT      00000010   000000f0  00000000  000000f0  RWIX
  PERIPHERALS_16BIT     00000100   00000100  00000000  00000100  RWIX
  RAM                   00000200   00000200  00000091  0000016f  RWIX
  INFOD                 00001000   00000040  00000000  00000040  RWIX
  INFOC                 00001040   00000040  00000000  00000040  RWIX
  INFOB                 00001080   00000040  00000000  00000040  RWIX
  INFOA                 000010c0   00000040  00000000  00000040  RWIX
  FLASH                 0000c000   00003fe0  0000149e  00002b42  RWIX
  INT00                 0000ffe0   00000002  00000002  00000000  RWIX
  INT01                 0000ffe2   00000002  00000000  00000002  RWIX
  INT02                 0000ffe4   00000002  00000002  00000000  RWIX
  INT03                 0000ffe6   00000002  00000002  00000000  RWIX
  INT04                 0000ffe8   00000002  00000000  00000002  RWIX
  INT05                 0000ffea   00000002  00000002  00000000  RWIX
  INT06                 0000ffec   00000002  00000002  00000000  RWIX
  INT07                 0000ffee   00000002  00000002  00000000  RWIX
  INT08                 0000fff0   00000002  00000002  00000000  RWIX
  INT09                 0000fff2   00000002  00000002  00000000  RWIX
  INT10                 0000fff4   00000002  00000002  00000000  RWIX
  INT11                 0000fff6   00000002  00000002  00000000  RWIX
  INT12                 0000fff8   00000002  00000002  00000000  RWIX
  INT13                 0000fffa   00000002  00000002  00000000  RWIX
  INT14                 0000fffc   00000002  00000002  00000000  RWIX
  RESET                 0000fffe   00000002  00000002  00000000  RWIX


SECTION ALLOCATION MAP

 output                                  attributes/
section   page    origin      length       input sections
--------  ----  ----------  ----------   ----------------
.data      0    00000200    00000041     UNINITIALIZED
                  00000200    00000020     CLOCK_1_2_3.obj (.data)
                  00000220    00000018     FIRMWARE.obj (.data)
                  00000238    00000004     COMMUNICATION.obj (.data:arrCommunication)
                  0000023c    00000004     KEYPAD.obj (.data:arrOut)
                  00000240    00000001     KEYPAD.obj (.data)

.TI.persistent 
*          0    00000200    00000000     UNINITIALIZED

.stack     0    000003b0    00000050     UNINITIALIZED
                  000003b0    00000002     rts430_eabi.lib : boot.obj (.stack)
                  000003b2    0000004e     --HOLE--

.text      0    0000c000    000013e8     
                  0000c000    0000014c     FIRMWARE.obj (.text:firmwareInputValue)
                  0000c14c    00000108     LCD.obj (.text:lcdNotifyOverFlowDigit)
                  0000c254    000000fc     KEYPAD.obj (.text:keypadButtonIdentify)
                  0000c350    000000e0     FIRMWARE.obj (.text:firmwareFourthDigit)
                  0000c430    000000ce     FLASH_1_0_1.obj (.text:flashWriteBlock)
                  0000c4fe    000000c4     LCD.obj (.text:lcdNotifyNullValue)
                  0000c5c2    000000b8     LCD_162_1_0_1.obj (.text:LCD_Init)
                  0000c67a    000000b2     LCD.obj (.text:lcdNotifyConfirm)
                  0000c72c    000000aa     FIRMWARE.obj (.text:firmwareConfirmAllValue)
                  0000c7d6    000000aa     FIRMWARE.obj (.text:firmwareThirdDigit)
                  0000c880    000000a8     KEYPAD.obj (.text:keypadSetRegSttMode)
                  0000c928    000000a6     LCD.obj (.text:lcdNotifyViolateTime)
                  0000c9ce    000000a0     FIRMWARE.obj (.text:firmwareSecondDigit)
                  0000ca6e    00000090     UCSI_I2C_2_0_1.obj (.text:i2cSetup)
                  0000cafe    00000080     LCD_162_1_0_1.obj (.text:LCD_Command)
                  0000cb7e    0000007e     main.obj (.text:main)
                  0000cbfc    00000078     COMMUNICATION.obj (.text:communicationDecode)
                  0000cc74    00000074     MATH.obj (.text:mathGetBCDNumber)
                  0000cce8    00000072     main.obj (.text:port2Isr)
                  0000cd5a    00000068     FIRMWARE.obj (.text:firmwareFirstDigit)
                  0000cdc2    00000066     COMMUNICATION.obj (.text:communicationTransmit)
                  0000ce28    00000064     rts430_eabi.lib : copy_decompress_rle.obj (.text:__TI_decompress_rle_core)
                  0000ce8c    00000062     CLOCK_1_2_3.obj (.text:clkSetup)
                  0000ceee    00000058     rts430_eabi.lib : autoinit.obj (.text:_auto_init)
                  0000cf46    00000058     FIRMWARE.obj (.text:firmwareClearTempValue)
                  0000cf9e    00000050     LCD_162_1_0_1.obj (.text:LCD_Init_write)
                  0000cfee    0000004c     FLASH_1_0_1.obj (.text:flashReadBlock)
                  0000d03a    0000004c     rts430_eabi.lib : lsr16.obj (.text)
                  0000d086    00000044     FIRMWARE.obj (.text:firmwareSetup)
                  0000d0ca    0000003e     GPIO_1_0_1.obj (.text:gpioIntSetup)
                  0000d108    0000003c     FIRMWARE.obj (.text:firmwareConfirmNextValue)
                  0000d144    0000003a     UCSI_I2C_2_0_1.obj (.text:i2cMstWriteByte)
                  0000d17e    0000002c     rts430_eabi.lib : asr16.obj (.text)
                  0000d1aa    0000002c                     : lsl16.obj (.text)
                  0000d1d6    0000002a     GPIO_1_0_1.obj (.text:gpioSetup)
                  0000d200    0000002a     KEYPAD.obj (.text:keypadSetRegSttControl)
                  0000d22a    00000026     COMMUNICATION.obj (.text:communicationEncode)
                  0000d250    00000026     LCD.obj (.text:lcdNotifyMode)
                  0000d276    00000024     LCD_162_1_0_1.obj (.text:LCD_Goto)
                  0000d29a    0000001e     FIRMWARE.obj (.text:firmwareExit)
                  0000d2b8    0000001c     LCD_162_1_0_1.obj (.text:LCD_Clear)
                  0000d2d4    0000001c     LCD_162_1_0_1.obj (.text:LCD_Home)
                  0000d2f0    0000001a     rts430_eabi.lib : boot_special.obj (.text:_c_int00_noargs_noexit)
                  0000d30a    00000014     LCD_162_1_0_1.obj (.text:LCD_PrintString)
                  0000d31e    00000014     KEYPAD.obj (.text:keypadSetRegSttNum)
                  0000d332    00000012     rts430_eabi.lib : copy_decompress_none.obj (.text:decompress:none:__TI_decompress_none)
                  0000d344    00000012     FIRMWARE.obj (.text:firmwareNullValue)
                  0000d356    00000012     LCD.obj (.text:lcdNotifyExit)
                  0000d368    00000012     rts430_eabi.lib : memcpy.obj (.text:memcpy)
                  0000d37a    00000010     FIRMWARE.obj (.text:firmwareGetDigitOrdinal)
                  0000d38a    00000010     rts430_eabi.lib : epilog.obj (.text)
                  0000d39a    0000000e     FIRMWARE.obj (.text:firmwareConfirm)
                  0000d3a8    0000000c     LCD_162_1_0_1.obj (.text:LCD_Display)
                  0000d3b4    0000000a     MATH.obj (.text:mathBcdDeci)
                  0000d3be    0000000a     MATH.obj (.text:mathBcdHund)
                  0000d3c8    00000006     rts430_eabi.lib : isr_trap.obj (.text:_isr:__TI_ISR_TRAP)
                  0000d3ce    00000006                     : copy_decompress_rle.obj (.text:decompress:rle24:__TI_decompress_rle24)
                  0000d3d4    00000006     MATH.obj (.text:mathBcdThou)
                  0000d3da    00000006     MATH.obj (.text:mathBcdUnit)
                  0000d3e0    00000004     rts430_eabi.lib : pre_init.obj (.text:_system_pre_init)
                  0000d3e4    00000004                     : exit.obj (.text:abort)

.const     0    0000d3e8    00000082     
                  0000d3e8    00000074     LCD.obj (.const:.string)
                  0000d45c    0000000e     FIRMWARE.obj (.const:.string)

.cinit     0    0000d46a    00000034     
                  0000d46a    0000002b     (.cinit..data.load) [load image, compression = rle]
                  0000d495    00000001     --HOLE-- [fill = 0]
                  0000d496    00000004     (__TI_handler_table)
                  0000d49a    00000004     (__TI_cinit_table)

.init_array 
*          0    0000c000    00000000     UNINITIALIZED

TRAPINT    0    0000ffe0    00000002     
                  0000ffe0    00000002     rts430_eabi.lib : int00.obj (.int00)

PORT1      0    0000ffe4    00000002     
                  0000ffe4    00000002     rts430_eabi.lib : int02.obj (.int02)

PORT2      0    0000ffe6    00000002     
                  0000ffe6    00000002     main.obj (.int03)

ADC10      0    0000ffea    00000002     
                  0000ffea    00000002     rts430_eabi.lib : int05.obj (.int05)

USCIAB0TX 
*          0    0000ffec    00000002     
                  0000ffec    00000002     rts430_eabi.lib : int06.obj (.int06)

USCIAB0RX 
*          0    0000ffee    00000002     
                  0000ffee    00000002     rts430_eabi.lib : int07.obj (.int07)

TIMER0_A1 
*          0    0000fff0    00000002     
                  0000fff0    00000002     rts430_eabi.lib : int08.obj (.int08)

TIMER0_A0 
*          0    0000fff2    00000002     
                  0000fff2    00000002     rts430_eabi.lib : int09.obj (.int09)

WDT        0    0000fff4    00000002     
                  0000fff4    00000002     rts430_eabi.lib : int10.obj (.int10)

COMPARATORA 
*          0    0000fff6    00000002     
                  0000fff6    00000002     rts430_eabi.lib : int11.obj (.int11)

TIMER1_A1 
*          0    0000fff8    00000002     
                  0000fff8    00000002     rts430_eabi.lib : int12.obj (.int12)

TIMER1_A0 
*          0    0000fffa    00000002     
                  0000fffa    00000002     rts430_eabi.lib : int13.obj (.int13)

NMI        0    0000fffc    00000002     
                  0000fffc    00000002     rts430_eabi.lib : int14.obj (.int14)

.reset     0    0000fffe    00000002     
                  0000fffe    00000002     rts430_eabi.lib : boot.obj (.reset)


LINKER GENERATED COPY TABLES

__TI_cinit_table @ 0000d49a records: 1, size/record: 4, table size: 4
	.data: load addr=0000d46a, load size=0000002b bytes, run addr=00000200, run size=00000041 bytes, compression=rle


LINKER GENERATED HANDLER TABLE

__TI_handler_table @ 0000d496 records: 2, size/record: 2, table size: 4
	index: 0, handler: __TI_decompress_rle24
	index: 1, handler: __TI_decompress_none


GLOBAL SYMBOLS: SORTED ALPHABETICALLY BY Name 

address   name                    
-------   ----                    
0000004a  ADC10AE0                
000001b0  ADC10CTL0               
000001b2  ADC10CTL1               
00000048  ADC10DTC0               
00000049  ADC10DTC1               
000001b4  ADC10MEM                
000001bc  ADC10SA                 
00000057  BCSCTL1                 
00000058  BCSCTL2                 
00000053  BCSCTL3                 
0000d3e4  C$$EXIT                 
00000059  CACTL1                  
0000005a  CACTL2                  
000010fb  CALBC1_12MHZ            
000010f9  CALBC1_16MHZ            
000010ff  CALBC1_1MHZ             
000010fd  CALBC1_8MHZ             
000010fa  CALDCO_12MHZ            
000010f8  CALDCO_16MHZ            
000010fe  CALDCO_1MHZ             
000010fc  CALDCO_8MHZ             
0000005b  CAPD                    
00000056  DCOCTL                  
00000128  FCTL1                   
0000012a  FCTL2                   
0000012c  FCTL3                   
00000000  IE1                     
00000001  IE2                     
00000002  IFG1                    
00000003  IFG2                    
0000d2b8  LCD_Clear               
0000cafe  LCD_Command             
0000d3a8  LCD_Display             
0000d276  LCD_Goto                
0000d2d4  LCD_Home                
0000c5c2  LCD_Init                
0000cf9e  LCD_Init_write          
0000d30a  LCD_PrintString         
00000022  P1DIR                   
00000025  P1IE                    
00000024  P1IES                   
00000023  P1IFG                   
00000020  P1IN                    
00000021  P1OUT                   
00000027  P1REN                   
00000026  P1SEL                   
00000041  P1SEL2                  
0000002a  P2DIR                   
0000002d  P2IE                    
0000002c  P2IES                   
0000002b  P2IFG                   
00000028  P2IN                    
00000029  P2OUT                   
0000002f  P2REN                   
0000002e  P2SEL                   
00000042  P2SEL2                  
0000001a  P3DIR                   
00000018  P3IN                    
00000019  P3OUT                   
00000010  P3REN                   
0000001b  P3SEL                   
00000043  P3SEL2                  
00000172  TA0CCR0                 
00000174  TA0CCR1                 
00000176  TA0CCR2                 
00000162  TA0CCTL0                
00000164  TA0CCTL1                
00000166  TA0CCTL2                
00000160  TA0CTL                  
0000012e  TA0IV                   
00000170  TA0R                    
00000192  TA1CCR0                 
00000194  TA1CCR1                 
00000196  TA1CCR2                 
00000182  TA1CCTL0                
00000184  TA1CCTL1                
00000186  TA1CCTL2                
00000180  TA1CTL                  
0000011e  TA1IV                   
00000190  TA1R                    
000010db  TLV_ADC10_1_LEN         
000010da  TLV_ADC10_1_TAG         
000010c0  TLV_CHECKSUM            
000010f7  TLV_DCO_30_LEN          
000010f6  TLV_DCO_30_TAG          
0000005d  UCA0ABCTL               
00000062  UCA0BR0                 
00000063  UCA0BR1                 
00000060  UCA0CTL0                
00000061  UCA0CTL1                
0000005f  UCA0IRRCTL              
0000005e  UCA0IRTCTL              
00000064  UCA0MCTL                
00000066  UCA0RXBUF               
00000065  UCA0STAT                
00000067  UCA0TXBUF               
0000006a  UCB0BR0                 
0000006b  UCB0BR1                 
00000068  UCB0CTL0                
00000069  UCB0CTL1                
0000006c  UCB0I2CIE               
00000118  UCB0I2COA               
0000011a  UCB0I2CSA               
0000006e  UCB0RXBUF               
0000006d  UCB0STAT                
0000006f  UCB0TXBUF               
00000120  WDTCTL                  
00000400  __STACK_END             
00000050  __STACK_SIZE            
0000d49a  __TI_CINIT_Base         
0000d49e  __TI_CINIT_Limit        
0000d496  __TI_Handler_Table_Base 
0000d49a  __TI_Handler_Table_Limit
UNDEFED   __TI_INITARRAY_Base     
UNDEFED   __TI_INITARRAY_Limit    
0000d3c8  __TI_ISR_TRAP           
0000d332  __TI_decompress_none    
0000d3ce  __TI_decompress_rle24   
0000ffe0  __TI_int00              
0000ffe4  __TI_int02              
0000ffe6  __TI_int03              
0000ffea  __TI_int05              
0000ffec  __TI_int06              
0000ffee  __TI_int07              
0000fff0  __TI_int08              
0000fff2  __TI_int09              
0000fff4  __TI_int10              
0000fff6  __TI_int11              
0000fff8  __TI_int12              
0000fffa  __TI_int13              
0000fffc  __TI_int14              
ffffffff  __binit__               
ffffffff  __c_args__              
0000d396  __mspabi_func_epilog_1  
0000d394  __mspabi_func_epilog_2  
0000d392  __mspabi_func_epilog_3  
0000d390  __mspabi_func_epilog_4  
0000d38e  __mspabi_func_epilog_5  
0000d38c  __mspabi_func_epilog_6  
0000d38a  __mspabi_func_epilog_7  
0000d1aa  __mspabi_slli           
0000d1d2  __mspabi_slli_1         
0000d1c0  __mspabi_slli_10        
0000d1be  __mspabi_slli_11        
0000d1bc  __mspabi_slli_12        
0000d1ba  __mspabi_slli_13        
0000d1b8  __mspabi_slli_14        
0000d1b6  __mspabi_slli_15        
0000d1d0  __mspabi_slli_2         
0000d1ce  __mspabi_slli_3         
0000d1cc  __mspabi_slli_4         
0000d1ca  __mspabi_slli_5         
0000d1c8  __mspabi_slli_6         
0000d1c6  __mspabi_slli_7         
0000d1c4  __mspabi_slli_8         
0000d1c2  __mspabi_slli_9         
0000d17e  __mspabi_srai           
0000d1a6  __mspabi_srai_1         
0000d194  __mspabi_srai_10        
0000d192  __mspabi_srai_11        
0000d190  __mspabi_srai_12        
0000d18e  __mspabi_srai_13        
0000d18c  __mspabi_srai_14        
0000d18a  __mspabi_srai_15        
0000d1a4  __mspabi_srai_2         
0000d1a2  __mspabi_srai_3         
0000d1a0  __mspabi_srai_4         
0000d19e  __mspabi_srai_5         
0000d19c  __mspabi_srai_6         
0000d19a  __mspabi_srai_7         
0000d198  __mspabi_srai_8         
0000d196  __mspabi_srai_9         
0000d03a  __mspabi_srli           
0000d080  __mspabi_srli_1         
0000d05c  __mspabi_srli_10        
0000d058  __mspabi_srli_11        
0000d054  __mspabi_srli_12        
0000d050  __mspabi_srli_13        
0000d04c  __mspabi_srli_14        
0000d048  __mspabi_srli_15        
0000d07c  __mspabi_srli_2         
0000d078  __mspabi_srli_3         
0000d074  __mspabi_srli_4         
0000d070  __mspabi_srli_5         
0000d06c  __mspabi_srli_6         
0000d068  __mspabi_srli_7         
0000d064  __mspabi_srli_8         
0000d060  __mspabi_srli_9         
0000ceee  _auto_init              
0000d2f0  _c_int00_noargs_noexit  
0000fffe  _reset_vector           
000003b0  _stack                  
0000d3e0  _system_pre_init        
0000d3e4  abort                   
00000238  arrCommunication        
0000023c  arrOut                  
ffffffff  binit                   
0000ce8c  clkSetup                
0000cbfc  communicationDecode     
0000d22a  communicationEncode     
0000cdc2  communicationTransmit   
0000cf46  firmwareClearTempValue  
0000d39a  firmwareConfirm         
0000c72c  firmwareConfirmAllValue 
0000d108  firmwareConfirmNextValue
0000d29a  firmwareExit            
0000cd5a  firmwareFirstDigit      
0000c350  firmwareFourthDigit     
0000d37a  firmwareGetDigitOrdinal 
0000c000  firmwareInputValue      
0000d344  firmwareNullValue       
0000c9ce  firmwareSecondDigit     
0000d086  firmwareSetup           
0000c7d6  firmwareThirdDigit      
0000cfee  flashReadBlock          
0000c430  flashWriteBlock         
0000d0ca  gpioIntSetup            
0000d1d6  gpioSetup               
0000d144  i2cMstWriteByte         
0000ca6e  i2cSetup                
0000c254  keypadButtonIdentify    
0000d200  keypadSetRegSttControl  
0000c880  keypadSetRegSttMode     
0000d31e  keypadSetRegSttNum      
0000c67a  lcdNotifyConfirm        
0000d356  lcdNotifyExit           
0000d250  lcdNotifyMode           
0000c4fe  lcdNotifyNullValue      
0000c14c  lcdNotifyOverFlowDigit  
0000c928  lcdNotifyViolateTime    
0000cb7e  main                    
0000d3b4  mathBcdDeci             
0000d3be  mathBcdHund             
0000d3d4  mathBcdThou             
0000d3da  mathBcdUnit             
0000cc74  mathGetBCDNumber        
0000d368  memcpy                  
0000cce8  port2Isr                
00000234  regFirmEnalbe           
00000222  regFirmOvf              
00000220  regFirmStatus           
00000226  regFirmTimeOff          
0000022a  regFirmTimeOffA         
0000022e  regFirmTimeOffB         
00000232  regFirmTimeOffC         
00000224  regFirmTimeOn           
00000228  regFirmTimeOnA          
0000022c  regFirmTimeOnB          
00000230  regFirmTimeOnC          
00000200  sClkSetup               
00000240  varCount                
00000237  varFirmMode             
00000236  varFirmNum              


GLOBAL SYMBOLS: SORTED BY Symbol Address 

address   name                    
-------   ----                    
00000000  IE1                     
00000001  IE2                     
00000002  IFG1                    
00000003  IFG2                    
00000010  P3REN                   
00000018  P3IN                    
00000019  P3OUT                   
0000001a  P3DIR                   
0000001b  P3SEL                   
00000020  P1IN                    
00000021  P1OUT                   
00000022  P1DIR                   
00000023  P1IFG                   
00000024  P1IES                   
00000025  P1IE                    
00000026  P1SEL                   
00000027  P1REN                   
00000028  P2IN                    
00000029  P2OUT                   
0000002a  P2DIR                   
0000002b  P2IFG                   
0000002c  P2IES                   
0000002d  P2IE                    
0000002e  P2SEL                   
0000002f  P2REN                   
00000041  P1SEL2                  
00000042  P2SEL2                  
00000043  P3SEL2                  
00000048  ADC10DTC0               
00000049  ADC10DTC1               
0000004a  ADC10AE0                
00000050  __STACK_SIZE            
00000053  BCSCTL3                 
00000056  DCOCTL                  
00000057  BCSCTL1                 
00000058  BCSCTL2                 
00000059  CACTL1                  
0000005a  CACTL2                  
0000005b  CAPD                    
0000005d  UCA0ABCTL               
0000005e  UCA0IRTCTL              
0000005f  UCA0IRRCTL              
00000060  UCA0CTL0                
00000061  UCA0CTL1                
00000062  UCA0BR0                 
00000063  UCA0BR1                 
00000064  UCA0MCTL                
00000065  UCA0STAT                
00000066  UCA0RXBUF               
00000067  UCA0TXBUF               
00000068  UCB0CTL0                
00000069  UCB0CTL1                
0000006a  UCB0BR0                 
0000006b  UCB0BR1                 
0000006c  UCB0I2CIE               
0000006d  UCB0STAT                
0000006e  UCB0RXBUF               
0000006f  UCB0TXBUF               
00000118  UCB0I2COA               
0000011a  UCB0I2CSA               
0000011e  TA1IV                   
00000120  WDTCTL                  
00000128  FCTL1                   
0000012a  FCTL2                   
0000012c  FCTL3                   
0000012e  TA0IV                   
00000160  TA0CTL                  
00000162  TA0CCTL0                
00000164  TA0CCTL1                
00000166  TA0CCTL2                
00000170  TA0R                    
00000172  TA0CCR0                 
00000174  TA0CCR1                 
00000176  TA0CCR2                 
00000180  TA1CTL                  
00000182  TA1CCTL0                
00000184  TA1CCTL1                
00000186  TA1CCTL2                
00000190  TA1R                    
00000192  TA1CCR0                 
00000194  TA1CCR1                 
00000196  TA1CCR2                 
000001b0  ADC10CTL0               
000001b2  ADC10CTL1               
000001b4  ADC10MEM                
000001bc  ADC10SA                 
00000200  sClkSetup               
00000220  regFirmStatus           
00000222  regFirmOvf              
00000224  regFirmTimeOn           
00000226  regFirmTimeOff          
00000228  regFirmTimeOnA          
0000022a  regFirmTimeOffA         
0000022c  regFirmTimeOnB          
0000022e  regFirmTimeOffB         
00000230  regFirmTimeOnC          
00000232  regFirmTimeOffC         
00000234  regFirmEnalbe           
00000236  varFirmNum              
00000237  varFirmMode             
00000238  arrCommunication        
0000023c  arrOut                  
00000240  varCount                
000003b0  _stack                  
00000400  __STACK_END             
000010c0  TLV_CHECKSUM            
000010da  TLV_ADC10_1_TAG         
000010db  TLV_ADC10_1_LEN         
000010f6  TLV_DCO_30_TAG          
000010f7  TLV_DCO_30_LEN          
000010f8  CALDCO_16MHZ            
000010f9  CALBC1_16MHZ            
000010fa  CALDCO_12MHZ            
000010fb  CALBC1_12MHZ            
000010fc  CALDCO_8MHZ             
000010fd  CALBC1_8MHZ             
000010fe  CALDCO_1MHZ             
000010ff  CALBC1_1MHZ             
0000c000  firmwareInputValue      
0000c14c  lcdNotifyOverFlowDigit  
0000c254  keypadButtonIdentify    
0000c350  firmwareFourthDigit     
0000c430  flashWriteBlock         
0000c4fe  lcdNotifyNullValue      
0000c5c2  LCD_Init                
0000c67a  lcdNotifyConfirm        
0000c72c  firmwareConfirmAllValue 
0000c7d6  firmwareThirdDigit      
0000c880  keypadSetRegSttMode     
0000c928  lcdNotifyViolateTime    
0000c9ce  firmwareSecondDigit     
0000ca6e  i2cSetup                
0000cafe  LCD_Command             
0000cb7e  main                    
0000cbfc  communicationDecode     
0000cc74  mathGetBCDNumber        
0000cce8  port2Isr                
0000cd5a  firmwareFirstDigit      
0000cdc2  communicationTransmit   
0000ce8c  clkSetup                
0000ceee  _auto_init              
0000cf46  firmwareClearTempValue  
0000cf9e  LCD_Init_write          
0000cfee  flashReadBlock          
0000d03a  __mspabi_srli           
0000d048  __mspabi_srli_15        
0000d04c  __mspabi_srli_14        
0000d050  __mspabi_srli_13        
0000d054  __mspabi_srli_12        
0000d058  __mspabi_srli_11        
0000d05c  __mspabi_srli_10        
0000d060  __mspabi_srli_9         
0000d064  __mspabi_srli_8         
0000d068  __mspabi_srli_7         
0000d06c  __mspabi_srli_6         
0000d070  __mspabi_srli_5         
0000d074  __mspabi_srli_4         
0000d078  __mspabi_srli_3         
0000d07c  __mspabi_srli_2         
0000d080  __mspabi_srli_1         
0000d086  firmwareSetup           
0000d0ca  gpioIntSetup            
0000d108  firmwareConfirmNextValue
0000d144  i2cMstWriteByte         
0000d17e  __mspabi_srai           
0000d18a  __mspabi_srai_15        
0000d18c  __mspabi_srai_14        
0000d18e  __mspabi_srai_13        
0000d190  __mspabi_srai_12        
0000d192  __mspabi_srai_11        
0000d194  __mspabi_srai_10        
0000d196  __mspabi_srai_9         
0000d198  __mspabi_srai_8         
0000d19a  __mspabi_srai_7         
0000d19c  __mspabi_srai_6         
0000d19e  __mspabi_srai_5         
0000d1a0  __mspabi_srai_4         
0000d1a2  __mspabi_srai_3         
0000d1a4  __mspabi_srai_2         
0000d1a6  __mspabi_srai_1         
0000d1aa  __mspabi_slli           
0000d1b6  __mspabi_slli_15        
0000d1b8  __mspabi_slli_14        
0000d1ba  __mspabi_slli_13        
0000d1bc  __mspabi_slli_12        
0000d1be  __mspabi_slli_11        
0000d1c0  __mspabi_slli_10        
0000d1c2  __mspabi_slli_9         
0000d1c4  __mspabi_slli_8         
0000d1c6  __mspabi_slli_7         
0000d1c8  __mspabi_slli_6         
0000d1ca  __mspabi_slli_5         
0000d1cc  __mspabi_slli_4         
0000d1ce  __mspabi_slli_3         
0000d1d0  __mspabi_slli_2         
0000d1d2  __mspabi_slli_1         
0000d1d6  gpioSetup               
0000d200  keypadSetRegSttControl  
0000d22a  communicationEncode     
0000d250  lcdNotifyMode           
0000d276  LCD_Goto                
0000d29a  firmwareExit            
0000d2b8  LCD_Clear               
0000d2d4  LCD_Home                
0000d2f0  _c_int00_noargs_noexit  
0000d30a  LCD_PrintString         
0000d31e  keypadSetRegSttNum      
0000d332  __TI_decompress_none    
0000d344  firmwareNullValue       
0000d356  lcdNotifyExit           
0000d368  memcpy                  
0000d37a  firmwareGetDigitOrdinal 
0000d38a  __mspabi_func_epilog_7  
0000d38c  __mspabi_func_epilog_6  
0000d38e  __mspabi_func_epilog_5  
0000d390  __mspabi_func_epilog_4  
0000d392  __mspabi_func_epilog_3  
0000d394  __mspabi_func_epilog_2  
0000d396  __mspabi_func_epilog_1  
0000d39a  firmwareConfirm         
0000d3a8  LCD_Display             
0000d3b4  mathBcdDeci             
0000d3be  mathBcdHund             
0000d3c8  __TI_ISR_TRAP           
0000d3ce  __TI_decompress_rle24   
0000d3d4  mathBcdThou             
0000d3da  mathBcdUnit             
0000d3e0  _system_pre_init        
0000d3e4  C$$EXIT                 
0000d3e4  abort                   
0000d496  __TI_Handler_Table_Base 
0000d49a  __TI_CINIT_Base         
0000d49a  __TI_Handler_Table_Limit
0000d49e  __TI_CINIT_Limit        
0000ffe0  __TI_int00              
0000ffe4  __TI_int02              
0000ffe6  __TI_int03              
0000ffea  __TI_int05              
0000ffec  __TI_int06              
0000ffee  __TI_int07              
0000fff0  __TI_int08              
0000fff2  __TI_int09              
0000fff4  __TI_int10              
0000fff6  __TI_int11              
0000fff8  __TI_int12              
0000fffa  __TI_int13              
0000fffc  __TI_int14              
0000fffe  _reset_vector           
ffffffff  __binit__               
ffffffff  __c_args__              
ffffffff  binit                   
UNDEFED   __TI_INITARRAY_Base     
UNDEFED   __TI_INITARRAY_Limit    

[253 symbols]
