******************************************************************************
                  MSP430 Linker PC v4.4.7                      
******************************************************************************
>> Linked Sun Aug 14 11:37:51 2016

OUTPUT FILE NAME:   <KEYPAD vs LCD.out>
ENTRY POINT SYMBOL: "_c_int00_noargs_noexit"  address: 0000c8a4


MEMORY CONFIGURATION

         name            origin    length      used     unused   attr    fill
----------------------  --------  ---------  --------  --------  ----  --------
  SFR                   00000000   00000010  00000000  00000010  RWIX
  PERIPHERALS_8BIT      00000010   000000f0  00000000  000000f0  RWIX
  PERIPHERALS_16BIT     00000100   00000100  00000000  00000100  RWIX
  RAM                   00000200   00000200  00000065  0000019b  RWIX
  INFOD                 00001000   00000040  00000000  00000040  RWIX
  INFOC                 00001040   00000040  00000000  00000040  RWIX
  INFOB                 00001080   00000040  00000000  00000040  RWIX
  INFOA                 000010c0   00000040  00000000  00000040  RWIX
  FLASH                 0000c000   00003fe0  00000a6c  00003574  RWIX
  INT00                 0000ffe0   00000002  00000002  00000000  RWIX
  INT01                 0000ffe2   00000002  00000000  00000002  RWIX
  INT02                 0000ffe4   00000002  00000002  00000000  RWIX
  INT03                 0000ffe6   00000002  00000002  00000000  RWIX
  INT04                 0000ffe8   00000002  00000000  00000002  RWIX
  INT05                 0000ffea   00000002  00000002  00000000  RWIX
  INT06                 0000ffec   00000002  00000002  00000000  RWIX
  INT07                 0000ffee   00000002  00000002  00000000  RWIX
  INT08                 0000fff0   00000002  00000002  00000000  RWIX
  INT09                 0000fff2   00000002  00000002  00000000  RWIX
  INT10                 0000fff4   00000002  00000002  00000000  RWIX
  INT11                 0000fff6   00000002  00000002  00000000  RWIX
  INT12                 0000fff8   00000002  00000002  00000000  RWIX
  INT13                 0000fffa   00000002  00000002  00000000  RWIX
  INT14                 0000fffc   00000002  00000002  00000000  RWIX
  RESET                 0000fffe   00000002  00000002  00000000  RWIX


SECTION ALLOCATION MAP

 output                                  attributes/
section   page    origin      length       input sections
--------  ----  ----------  ----------   ----------------
.bss       0    00000200    00000011     UNINITIALIZED
                  00000200    00000004     (.common:arrCommunication)
                  00000204    00000002     (.common:regFirmDuty)
                  00000206    00000002     (.common:regFirmEnalbe)
                  00000208    00000002     (.common:regFirmOvf)
                  0000020a    00000002     (.common:regFirmPeriod)
                  0000020c    00000002     (.common:regFirmStatus)
                  0000020e    00000001     (.common:varCount)
                  0000020f    00000001     (.common:varFirmMode)
                  00000210    00000001     (.common:varFirmNum)

.data      0    00000212    00000004     UNINITIALIZED
                  00000212    00000004     main.obj (.data:arrOut)

.TI.persistent 
*          0    00000212    00000000     UNINITIALIZED

.stack     0    000003b0    00000050     UNINITIALIZED
                  000003b0    00000002     rts430_eabi.lib : boot.obj (.stack)
                  000003b2    0000004e     --HOLE--

.text      0    0000c000    000009c4     
                  0000c000    000000fc     KEYPAD.obj (.text:keypadButtonIdentify)
                  0000c0fc    00000090     UCSI_I2C_2_0_1.obj (.text:i2cSetup)
                  0000c18c    00000080     LCD_162_1_0_1.obj (.text:LCD_Command)
                  0000c20c    00000076     main.obj (.text:main)
                  0000c282    00000074     MATH.obj (.text:mathGetBCDNumber)
                  0000c2f6    00000072     FIRMWARE.obj (.text:firmwareInputValue)
                  0000c368    00000072     main.obj (.text:port2Isr)
                  0000c3da    00000066     COMMUNICATION.obj (.text:communicationTransmit)
                  0000c440    00000064     rts430_eabi.lib : copy_decompress_rle.obj (.text:__TI_decompress_rle_core)
                  0000c4a4    00000062     CLOCK_1_2_3.obj (.text:clkSetup)
                  0000c506    00000058     rts430_eabi.lib : autoinit.obj (.text:_auto_init)
                  0000c55e    0000004c                     : lsr16.obj (.text)
                  0000c5aa    00000044     FIRMWARE.obj (.text:firmwareFirstDigit)
                  0000c5ee    00000044     FIRMWARE.obj (.text:firmwareFourthDigit)
                  0000c632    00000044     FIRMWARE.obj (.text:firmwareSecondDigit)
                  0000c676    0000003e     GPIO_1_0_1.obj (.text:gpioIntSetup)
                  0000c6b4    0000003a     FIRMWARE.obj (.text:firmwareThirdDigit)
                  0000c6ee    0000003a     UCSI_I2C_2_0_1.obj (.text:i2cMstWriteByte)
                  0000c728    00000034     KEYPAD.obj (.text:keypadSetRegSttMode)
                  0000c75c    0000002c     rts430_eabi.lib : asr16.obj (.text)
                  0000c788    0000002c                     : lsl16.obj (.text)
                  0000c7b4    0000002a     GPIO_1_0_1.obj (.text:gpioSetup)
                  0000c7de    0000002a     KEYPAD.obj (.text:keypadSetRegSttControl)
                  0000c808    00000026     LCD.obj (.text:lcdNotifyMode)
                  0000c82e    00000020     FIRMWARE.obj (.text:firmwareClearTempValue)
                  0000c84e    0000001e     FIRMWARE.obj (.text:firmwareConfirmNextValue)
                  0000c86c    0000001c     LCD_162_1_0_1.obj (.text:LCD_Clear)
                  0000c888    0000001c     LCD_162_1_0_1.obj (.text:LCD_Home)
                  0000c8a4    0000001a     rts430_eabi.lib : boot_special.obj (.text:_c_int00_noargs_noexit)
                  0000c8be    0000001a     COMMUNICATION.obj (.text:communicationEncode)
                  0000c8d8    0000001a     FIRMWARE.obj (.text:firmwareExit)
                  0000c8f2    00000018     FIRMWARE.obj (.text:firmwareConfirmAllValue)
                  0000c90a    00000016     KEYPAD.obj (.text:keypadSetRegSttNum)
                  0000c920    00000014     LCD_162_1_0_1.obj (.text:LCD_PrintString)
                  0000c934    00000014     rts430_eabi.lib : copy_zero_init.obj (.text:decompress:ZI:__TI_zero_init)
                  0000c948    00000012                     : copy_decompress_none.obj (.text:decompress:none:__TI_decompress_none)
                  0000c95a    00000012                     : memcpy.obj (.text:memcpy)
                  0000c96c    00000010     FIRMWARE.obj (.text:firmwareGetDigitOrdinal)
                  0000c97c    00000010     rts430_eabi.lib : epilog.obj (.text)
                  0000c98c    0000000c     LCD_162_1_0_1.obj (.text:LCD_Display)
                  0000c998    0000000a     FIRMWARE.obj (.text:firmwareConfirm)
                  0000c9a2    00000008     FIRMWARE.obj (.text:firmwareNullValue)
                  0000c9aa    00000006     rts430_eabi.lib : isr_trap.obj (.text:_isr:__TI_ISR_TRAP)
                  0000c9b0    00000006                     : copy_decompress_rle.obj (.text:decompress:rle24:__TI_decompress_rle24)
                  0000c9b6    00000006     FIRMWARE.obj (.text:firmwareEnalbe)
                  0000c9bc    00000004     rts430_eabi.lib : pre_init.obj (.text:_system_pre_init)
                  0000c9c0    00000004                     : exit.obj (.text:abort)

.const     0    0000c9c4    0000008e     
                  0000c9c4    0000006e     LCD.obj (.const:.string)
                  0000ca32    00000020     main.obj (.const)

.cinit     0    0000ca52    0000001a     
                  0000ca52    00000008     (.cinit..data.load) [load image]
                  0000ca5a    00000006     (__TI_handler_table)
                  0000ca60    00000004     (.cinit..bss.load) [load image, compression = zero_init]
                  0000ca64    00000008     (__TI_cinit_table)

.init_array 
*          0    0000c000    00000000     UNINITIALIZED

TRAPINT    0    0000ffe0    00000002     
                  0000ffe0    00000002     rts430_eabi.lib : int00.obj (.int00)

PORT1      0    0000ffe4    00000002     
                  0000ffe4    00000002     rts430_eabi.lib : int02.obj (.int02)

PORT2      0    0000ffe6    00000002     
                  0000ffe6    00000002     main.obj (.int03)

ADC10      0    0000ffea    00000002     
                  0000ffea    00000002     rts430_eabi.lib : int05.obj (.int05)

USCIAB0TX 
*          0    0000ffec    00000002     
                  0000ffec    00000002     rts430_eabi.lib : int06.obj (.int06)

USCIAB0RX 
*          0    0000ffee    00000002     
                  0000ffee    00000002     rts430_eabi.lib : int07.obj (.int07)

TIMER0_A1 
*          0    0000fff0    00000002     
                  0000fff0    00000002     rts430_eabi.lib : int08.obj (.int08)

TIMER0_A0 
*          0    0000fff2    00000002     
                  0000fff2    00000002     rts430_eabi.lib : int09.obj (.int09)

WDT        0    0000fff4    00000002     
                  0000fff4    00000002     rts430_eabi.lib : int10.obj (.int10)

COMPARATORA 
*          0    0000fff6    00000002     
                  0000fff6    00000002     rts430_eabi.lib : int11.obj (.int11)

TIMER1_A1 
*          0    0000fff8    00000002     
                  0000fff8    00000002     rts430_eabi.lib : int12.obj (.int12)

TIMER1_A0 
*          0    0000fffa    00000002     
                  0000fffa    00000002     rts430_eabi.lib : int13.obj (.int13)

NMI        0    0000fffc    00000002     
                  0000fffc    00000002     rts430_eabi.lib : int14.obj (.int14)

.reset     0    0000fffe    00000002     
                  0000fffe    00000002     rts430_eabi.lib : boot.obj (.reset)


LINKER GENERATED COPY TABLES

__TI_cinit_table @ 0000ca64 records: 2, size/record: 4, table size: 8
	.data: load addr=0000ca52, load size=00000008 bytes, run addr=00000212, run size=00000004 bytes, compression=copy
	.bss: load addr=0000ca60, load size=00000004 bytes, run addr=00000200, run size=00000011 bytes, compression=zero_init


LINKER GENERATED HANDLER TABLE

__TI_handler_table @ 0000ca5a records: 3, size/record: 2, table size: 6
	index: 0, handler: __TI_zero_init
	index: 1, handler: __TI_decompress_rle24
	index: 2, handler: __TI_decompress_none


GLOBAL SYMBOLS: SORTED ALPHABETICALLY BY Name 

address   name                    
-------   ----                    
0000004a  ADC10AE0                
000001b0  ADC10CTL0               
000001b2  ADC10CTL1               
00000048  ADC10DTC0               
00000049  ADC10DTC1               
000001b4  ADC10MEM                
000001bc  ADC10SA                 
00000057  BCSCTL1                 
00000058  BCSCTL2                 
00000053  BCSCTL3                 
0000c9c0  C$$EXIT                 
00000059  CACTL1                  
0000005a  CACTL2                  
000010fb  CALBC1_12MHZ            
000010f9  CALBC1_16MHZ            
000010ff  CALBC1_1MHZ             
000010fd  CALBC1_8MHZ             
000010fa  CALDCO_12MHZ            
000010f8  CALDCO_16MHZ            
000010fe  CALDCO_1MHZ             
000010fc  CALDCO_8MHZ             
0000005b  CAPD                    
00000056  DCOCTL                  
00000128  FCTL1                   
0000012a  FCTL2                   
0000012c  FCTL3                   
00000000  IE1                     
00000001  IE2                     
00000002  IFG1                    
00000003  IFG2                    
0000c86c  LCD_Clear               
0000c18c  LCD_Command             
0000c98c  LCD_Display             
0000c888  LCD_Home                
0000c920  LCD_PrintString         
00000022  P1DIR                   
00000025  P1IE                    
00000024  P1IES                   
00000023  P1IFG                   
00000020  P1IN                    
00000021  P1OUT                   
00000027  P1REN                   
00000026  P1SEL                   
00000041  P1SEL2                  
0000002a  P2DIR                   
0000002d  P2IE                    
0000002c  P2IES                   
0000002b  P2IFG                   
00000028  P2IN                    
00000029  P2OUT                   
0000002f  P2REN                   
0000002e  P2SEL                   
00000042  P2SEL2                  
0000001a  P3DIR                   
00000018  P3IN                    
00000019  P3OUT                   
00000010  P3REN                   
0000001b  P3SEL                   
00000043  P3SEL2                  
00000172  TA0CCR0                 
00000174  TA0CCR1                 
00000176  TA0CCR2                 
00000162  TA0CCTL0                
00000164  TA0CCTL1                
00000166  TA0CCTL2                
00000160  TA0CTL                  
0000012e  TA0IV                   
00000170  TA0R                    
00000192  TA1CCR0                 
00000194  TA1CCR1                 
00000196  TA1CCR2                 
00000182  TA1CCTL0                
00000184  TA1CCTL1                
00000186  TA1CCTL2                
00000180  TA1CTL                  
0000011e  TA1IV                   
00000190  TA1R                    
000010db  TLV_ADC10_1_LEN         
000010da  TLV_ADC10_1_TAG         
000010c0  TLV_CHECKSUM            
000010f7  TLV_DCO_30_LEN          
000010f6  TLV_DCO_30_TAG          
0000005d  UCA0ABCTL               
00000062  UCA0BR0                 
00000063  UCA0BR1                 
00000060  UCA0CTL0                
00000061  UCA0CTL1                
0000005f  UCA0IRRCTL              
0000005e  UCA0IRTCTL              
00000064  UCA0MCTL                
00000066  UCA0RXBUF               
00000065  UCA0STAT                
00000067  UCA0TXBUF               
0000006a  UCB0BR0                 
0000006b  UCB0BR1                 
00000068  UCB0CTL0                
00000069  UCB0CTL1                
0000006c  UCB0I2CIE               
00000118  UCB0I2COA               
0000011a  UCB0I2CSA               
0000006e  UCB0RXBUF               
0000006d  UCB0STAT                
0000006f  UCB0TXBUF               
00000120  WDTCTL                  
00000400  __STACK_END             
00000050  __STACK_SIZE            
0000ca64  __TI_CINIT_Base         
0000ca6c  __TI_CINIT_Limit        
0000ca5a  __TI_Handler_Table_Base 
0000ca60  __TI_Handler_Table_Limit
UNDEFED   __TI_INITARRAY_Base     
UNDEFED   __TI_INITARRAY_Limit    
0000c9aa  __TI_ISR_TRAP           
0000c948  __TI_decompress_none    
0000c9b0  __TI_decompress_rle24   
0000ffe0  __TI_int00              
0000ffe4  __TI_int02              
0000ffe6  __TI_int03              
0000ffea  __TI_int05              
0000ffec  __TI_int06              
0000ffee  __TI_int07              
0000fff0  __TI_int08              
0000fff2  __TI_int09              
0000fff4  __TI_int10              
0000fff6  __TI_int11              
0000fff8  __TI_int12              
0000fffa  __TI_int13              
0000fffc  __TI_int14              
0000c934  __TI_zero_init          
ffffffff  __binit__               
ffffffff  __c_args__              
0000c988  __mspabi_func_epilog_1  
0000c986  __mspabi_func_epilog_2  
0000c984  __mspabi_func_epilog_3  
0000c982  __mspabi_func_epilog_4  
0000c980  __mspabi_func_epilog_5  
0000c97e  __mspabi_func_epilog_6  
0000c97c  __mspabi_func_epilog_7  
0000c788  __mspabi_slli           
0000c7b0  __mspabi_slli_1         
0000c79e  __mspabi_slli_10        
0000c79c  __mspabi_slli_11        
0000c79a  __mspabi_slli_12        
0000c798  __mspabi_slli_13        
0000c796  __mspabi_slli_14        
0000c794  __mspabi_slli_15        
0000c7ae  __mspabi_slli_2         
0000c7ac  __mspabi_slli_3         
0000c7aa  __mspabi_slli_4         
0000c7a8  __mspabi_slli_5         
0000c7a6  __mspabi_slli_6         
0000c7a4  __mspabi_slli_7         
0000c7a2  __mspabi_slli_8         
0000c7a0  __mspabi_slli_9         
0000c75c  __mspabi_srai           
0000c784  __mspabi_srai_1         
0000c772  __mspabi_srai_10        
0000c770  __mspabi_srai_11        
0000c76e  __mspabi_srai_12        
0000c76c  __mspabi_srai_13        
0000c76a  __mspabi_srai_14        
0000c768  __mspabi_srai_15        
0000c782  __mspabi_srai_2         
0000c780  __mspabi_srai_3         
0000c77e  __mspabi_srai_4         
0000c77c  __mspabi_srai_5         
0000c77a  __mspabi_srai_6         
0000c778  __mspabi_srai_7         
0000c776  __mspabi_srai_8         
0000c774  __mspabi_srai_9         
0000c55e  __mspabi_srli           
0000c5a4  __mspabi_srli_1         
0000c580  __mspabi_srli_10        
0000c57c  __mspabi_srli_11        
0000c578  __mspabi_srli_12        
0000c574  __mspabi_srli_13        
0000c570  __mspabi_srli_14        
0000c56c  __mspabi_srli_15        
0000c5a0  __mspabi_srli_2         
0000c59c  __mspabi_srli_3         
0000c598  __mspabi_srli_4         
0000c594  __mspabi_srli_5         
0000c590  __mspabi_srli_6         
0000c58c  __mspabi_srli_7         
0000c588  __mspabi_srli_8         
0000c584  __mspabi_srli_9         
0000c506  _auto_init              
0000c8a4  _c_int00_noargs_noexit  
0000fffe  _reset_vector           
000003b0  _stack                  
0000c9bc  _system_pre_init        
0000c9c0  abort                   
00000200  arrCommunication        
00000212  arrOut                  
ffffffff  binit                   
0000c4a4  clkSetup                
0000c8be  communicationEncode     
0000c3da  communicationTransmit   
0000c82e  firmwareClearTempValue  
0000c998  firmwareConfirm         
0000c8f2  firmwareConfirmAllValue 
0000c84e  firmwareConfirmNextValue
0000c9b6  firmwareEnalbe          
0000c8d8  firmwareExit            
0000c5aa  firmwareFirstDigit      
0000c5ee  firmwareFourthDigit     
0000c96c  firmwareGetDigitOrdinal 
0000c2f6  firmwareInputValue      
0000c9a2  firmwareNullValue       
0000c632  firmwareSecondDigit     
0000c6b4  firmwareThirdDigit      
0000c676  gpioIntSetup            
0000c7b4  gpioSetup               
0000c6ee  i2cMstWriteByte         
0000c0fc  i2cSetup                
0000c000  keypadButtonIdentify    
0000c7de  keypadSetRegSttControl  
0000c728  keypadSetRegSttMode     
0000c90a  keypadSetRegSttNum      
0000c808  lcdNotifyMode           
0000c20c  main                    
0000c282  mathGetBCDNumber        
0000c95a  memcpy                  
0000c368  port2Isr                
00000204  regFirmDuty             
00000206  regFirmEnalbe           
00000208  regFirmOvf              
0000020a  regFirmPeriod           
0000020c  regFirmStatus           
0000ca32  sClkSetup               
0000020e  varCount                
0000020f  varFirmMode             
00000210  varFirmNum              


GLOBAL SYMBOLS: SORTED BY Symbol Address 

address   name                    
-------   ----                    
00000000  IE1                     
00000001  IE2                     
00000002  IFG1                    
00000003  IFG2                    
00000010  P3REN                   
00000018  P3IN                    
00000019  P3OUT                   
0000001a  P3DIR                   
0000001b  P3SEL                   
00000020  P1IN                    
00000021  P1OUT                   
00000022  P1DIR                   
00000023  P1IFG                   
00000024  P1IES                   
00000025  P1IE                    
00000026  P1SEL                   
00000027  P1REN                   
00000028  P2IN                    
00000029  P2OUT                   
0000002a  P2DIR                   
0000002b  P2IFG                   
0000002c  P2IES                   
0000002d  P2IE                    
0000002e  P2SEL                   
0000002f  P2REN                   
00000041  P1SEL2                  
00000042  P2SEL2                  
00000043  P3SEL2                  
00000048  ADC10DTC0               
00000049  ADC10DTC1               
0000004a  ADC10AE0                
00000050  __STACK_SIZE            
00000053  BCSCTL3                 
00000056  DCOCTL                  
00000057  BCSCTL1                 
00000058  BCSCTL2                 
00000059  CACTL1                  
0000005a  CACTL2                  
0000005b  CAPD                    
0000005d  UCA0ABCTL               
0000005e  UCA0IRTCTL              
0000005f  UCA0IRRCTL              
00000060  UCA0CTL0                
00000061  UCA0CTL1                
00000062  UCA0BR0                 
00000063  UCA0BR1                 
00000064  UCA0MCTL                
00000065  UCA0STAT                
00000066  UCA0RXBUF               
00000067  UCA0TXBUF               
00000068  UCB0CTL0                
00000069  UCB0CTL1                
0000006a  UCB0BR0                 
0000006b  UCB0BR1                 
0000006c  UCB0I2CIE               
0000006d  UCB0STAT                
0000006e  UCB0RXBUF               
0000006f  UCB0TXBUF               
00000118  UCB0I2COA               
0000011a  UCB0I2CSA               
0000011e  TA1IV                   
00000120  WDTCTL                  
00000128  FCTL1                   
0000012a  FCTL2                   
0000012c  FCTL3                   
0000012e  TA0IV                   
00000160  TA0CTL                  
00000162  TA0CCTL0                
00000164  TA0CCTL1                
00000166  TA0CCTL2                
00000170  TA0R                    
00000172  TA0CCR0                 
00000174  TA0CCR1                 
00000176  TA0CCR2                 
00000180  TA1CTL                  
00000182  TA1CCTL0                
00000184  TA1CCTL1                
00000186  TA1CCTL2                
00000190  TA1R                    
00000192  TA1CCR0                 
00000194  TA1CCR1                 
00000196  TA1CCR2                 
000001b0  ADC10CTL0               
000001b2  ADC10CTL1               
000001b4  ADC10MEM                
000001bc  ADC10SA                 
00000200  arrCommunication        
00000204  regFirmDuty             
00000206  regFirmEnalbe           
00000208  regFirmOvf              
0000020a  regFirmPeriod           
0000020c  regFirmStatus           
0000020e  varCount                
0000020f  varFirmMode             
00000210  varFirmNum              
00000212  arrOut                  
000003b0  _stack                  
00000400  __STACK_END             
000010c0  TLV_CHECKSUM            
000010da  TLV_ADC10_1_TAG         
000010db  TLV_ADC10_1_LEN         
000010f6  TLV_DCO_30_TAG          
000010f7  TLV_DCO_30_LEN          
000010f8  CALDCO_16MHZ            
000010f9  CALBC1_16MHZ            
000010fa  CALDCO_12MHZ            
000010fb  CALBC1_12MHZ            
000010fc  CALDCO_8MHZ             
000010fd  CALBC1_8MHZ             
000010fe  CALDCO_1MHZ             
000010ff  CALBC1_1MHZ             
0000c000  keypadButtonIdentify    
0000c0fc  i2cSetup                
0000c18c  LCD_Command             
0000c20c  main                    
0000c282  mathGetBCDNumber        
0000c2f6  firmwareInputValue      
0000c368  port2Isr                
0000c3da  communicationTransmit   
0000c4a4  clkSetup                
0000c506  _auto_init              
0000c55e  __mspabi_srli           
0000c56c  __mspabi_srli_15        
0000c570  __mspabi_srli_14        
0000c574  __mspabi_srli_13        
0000c578  __mspabi_srli_12        
0000c57c  __mspabi_srli_11        
0000c580  __mspabi_srli_10        
0000c584  __mspabi_srli_9         
0000c588  __mspabi_srli_8         
0000c58c  __mspabi_srli_7         
0000c590  __mspabi_srli_6         
0000c594  __mspabi_srli_5         
0000c598  __mspabi_srli_4         
0000c59c  __mspabi_srli_3         
0000c5a0  __mspabi_srli_2         
0000c5a4  __mspabi_srli_1         
0000c5aa  firmwareFirstDigit      
0000c5ee  firmwareFourthDigit     
0000c632  firmwareSecondDigit     
0000c676  gpioIntSetup            
0000c6b4  firmwareThirdDigit      
0000c6ee  i2cMstWriteByte         
0000c728  keypadSetRegSttMode     
0000c75c  __mspabi_srai           
0000c768  __mspabi_srai_15        
0000c76a  __mspabi_srai_14        
0000c76c  __mspabi_srai_13        
0000c76e  __mspabi_srai_12        
0000c770  __mspabi_srai_11        
0000c772  __mspabi_srai_10        
0000c774  __mspabi_srai_9         
0000c776  __mspabi_srai_8         
0000c778  __mspabi_srai_7         
0000c77a  __mspabi_srai_6         
0000c77c  __mspabi_srai_5         
0000c77e  __mspabi_srai_4         
0000c780  __mspabi_srai_3         
0000c782  __mspabi_srai_2         
0000c784  __mspabi_srai_1         
0000c788  __mspabi_slli           
0000c794  __mspabi_slli_15        
0000c796  __mspabi_slli_14        
0000c798  __mspabi_slli_13        
0000c79a  __mspabi_slli_12        
0000c79c  __mspabi_slli_11        
0000c79e  __mspabi_slli_10        
0000c7a0  __mspabi_slli_9         
0000c7a2  __mspabi_slli_8         
0000c7a4  __mspabi_slli_7         
0000c7a6  __mspabi_slli_6         
0000c7a8  __mspabi_slli_5         
0000c7aa  __mspabi_slli_4         
0000c7ac  __mspabi_slli_3         
0000c7ae  __mspabi_slli_2         
0000c7b0  __mspabi_slli_1         
0000c7b4  gpioSetup               
0000c7de  keypadSetRegSttControl  
0000c808  lcdNotifyMode           
0000c82e  firmwareClearTempValue  
0000c84e  firmwareConfirmNextValue
0000c86c  LCD_Clear               
0000c888  LCD_Home                
0000c8a4  _c_int00_noargs_noexit  
0000c8be  communicationEncode     
0000c8d8  firmwareExit            
0000c8f2  firmwareConfirmAllValue 
0000c90a  keypadSetRegSttNum      
0000c920  LCD_PrintString         
0000c934  __TI_zero_init          
0000c948  __TI_decompress_none    
0000c95a  memcpy                  
0000c96c  firmwareGetDigitOrdinal 
0000c97c  __mspabi_func_epilog_7  
0000c97e  __mspabi_func_epilog_6  
0000c980  __mspabi_func_epilog_5  
0000c982  __mspabi_func_epilog_4  
0000c984  __mspabi_func_epilog_3  
0000c986  __mspabi_func_epilog_2  
0000c988  __mspabi_func_epilog_1  
0000c98c  LCD_Display             
0000c998  firmwareConfirm         
0000c9a2  firmwareNullValue       
0000c9aa  __TI_ISR_TRAP           
0000c9b0  __TI_decompress_rle24   
0000c9b6  firmwareEnalbe          
0000c9bc  _system_pre_init        
0000c9c0  C$$EXIT                 
0000c9c0  abort                   
0000ca32  sClkSetup               
0000ca5a  __TI_Handler_Table_Base 
0000ca60  __TI_Handler_Table_Limit
0000ca64  __TI_CINIT_Base         
0000ca6c  __TI_CINIT_Limit        
0000ffe0  __TI_int00              
0000ffe4  __TI_int02              
0000ffe6  __TI_int03              
0000ffea  __TI_int05              
0000ffec  __TI_int06              
0000ffee  __TI_int07              
0000fff0  __TI_int08              
0000fff2  __TI_int09              
0000fff4  __TI_int10              
0000fff6  __TI_int11              
0000fff8  __TI_int12              
0000fffa  __TI_int13              
0000fffc  __TI_int14              
0000fffe  _reset_vector           
ffffffff  __binit__               
ffffffff  __c_args__              
ffffffff  binit                   
UNDEFED   __TI_INITARRAY_Base     
UNDEFED   __TI_INITARRAY_Limit    

[233 symbols]
